// Jest Snapshot v1, https://goo.gl/fbAQLP

exports[`Tests on <Header /> should display <Header /> correct 1`] = `
<Fragment>
  <header>
    <h1>
      IP Address Tracker
    </h1>
    <div
      className="search-box"
    >
      <input
        maxLength="15"
        onChange={[Function]}
        placeholder="Search for any IP adress or domain"
        type="text"
        value=""
      />
      <button
        onClick={[Function]}
      >
        <FontAwesomeIcon
          border={false}
          className="right-arrow"
          fixedWidth={false}
          flip={null}
          icon={
            Object {
              "icon": Array [
                320,
                512,
                Array [],
                "f054",
                "M285.476 272.971L91.132 467.314c-9.373 9.373-24.569 9.373-33.941 0l-22.667-22.667c-9.357-9.357-9.375-24.522-.04-33.901L188.505 256 34.484 101.255c-9.335-9.379-9.317-24.544.04-33.901l22.667-22.667c9.373-9.373 24.569-9.373 33.941 0L285.475 239.03c9.373 9.372 9.373 24.568.001 33.941z",
              ],
              "iconName": "chevron-right",
              "prefix": "fas",
            }
          }
          inverse={false}
          listItem={false}
          mask={null}
          pull={null}
          pulse={false}
          rotation={null}
          size={null}
          spin={false}
          swapOpacity={false}
          symbol={false}
          title=""
          transform={null}
        />
      </button>
    </div>
  </header>
</Fragment>
`;
