// Jest Snapshot v1, https://goo.gl/fbAQLP

exports[`Tests on <Map /> should show <Map /> correctly 1`] = `
<Fragment>
  <MapContainer
    center={
      Array [
        0,
        0,
      ]
    }
    id="mapid"
    scrollWheelZoom={false}
    zoom={14}
  >
    <ForwardRef(LeafComponent)
      attribution="Â© <a href=\\"http://osm.org/copyright\\">OpenStreetMap</a> contributors"
      url="https://{s}.tile.openstreetmap.org/{z}/{x}/{y}.png"
    />
    <SetView
      position={
        Array [
          35.63304462061077,
          139.8803621105462,
        ]
      }
    />
    <ForwardRef(ContainerComponent)
      icon={
        NewClass {
          "_initHooksCalled": true,
          "options": Object {
            "iconAnchor": Array [
              12,
              41,
            ],
            "iconSize": Array [
              25,
              41,
            ],
            "iconUrl": "https://raw.githubusercontent.com/pointhi/leaflet-color-markers/master/img/marker-icon-2x-black.png",
            "popupAnchor": Array [
              1,
              -34,
            ],
            "shadowSize": Array [
              41,
              41,
            ],
            "shadowUrl": "https://cdnjs.cloudflare.com/ajax/libs/leaflet/0.7.7/images/marker-shadow.png",
          },
        }
      }
      position={
        Array [
          35.63304462061077,
          139.8803621105462,
        ]
      }
    >
      <ForwardRef(OverlayComponent)>
        A pretty CSS3 popup. 
        <br />
         Easily customizable.
      </ForwardRef(OverlayComponent)>
    </ForwardRef(ContainerComponent)>
  </MapContainer>
</Fragment>
`;
